app/_components/mini-app-report.tsx(6,29): error TS2459: Module '"@/lib/health-report"' declares 'HealthSeriesPoint' locally, but it is not exported.
app/_components/mini-app-report.tsx(7,10): error TS2305: Module '"@/lib/health-thresholds"' has no exported member 'getBpStatus'.
app/_components/mini-app-report.tsx(60,33): error TS2304: Cannot find name 'MessageRecord'.
app/_components/mini-app-report.tsx(68,35): error TS2304: Cannot find name 'MessageRecord'.
app/_components/mini-app-report.tsx(97,36): error TS2304: Cannot find name 'MessageRecord'.
app/_components/mini-app-report.tsx(125,48): error TS2304: Cannot find name 'MessageRecord'.
app/_components/mini-app-report.tsx(153,10): error TS2304: Cannot find name 'DAILY_TIME_SLOTS'.
app/_components/mini-app-report.tsx(153,33): error TS7006: Parameter 'slot' implicitly has an 'any' type.
app/_components/mini-app-report.tsx(156,39): error TS2304: Cannot find name 'MessageRecord'.
app/_components/mini-app-report.tsx(162,37): error TS2304: Cannot find name 'MessageRecord'.
app/_components/mini-app-report.tsx(182,21): error TS2304: Cannot find name 'extractTimedVitalsSamples'.
app/_components/mini-app-report.tsx(216,45): error TS2304: Cannot find name 'MessageRecord'.
app/_components/mini-app-report.tsx(270,50): error TS2304: Cannot find name 'MessageRecord'.
app/_components/mini-app-report.tsx(302,21): error TS2304: Cannot find name 'extractTimedVitalsSamples'.
app/_components/mini-app-report.tsx(344,43): error TS2304: Cannot find name 'BP_POINTS'.
app/_components/mini-app-report.tsx(348,13): error TS2304: Cannot find name 'MessageRecord'.
app/_components/mini-app-report.tsx(355,22): error TS2304: Cannot find name 'DAILY_TIME_SLOTS'.
app/_components/mini-app-report.tsx(391,21): error TS2304: Cannot find name 'extractTimedVitalsSamples'.
app/_components/mini-app-report.tsx(423,20): error TS2304: Cannot find name 'DAILY_TIME_SLOTS'.
app/_components/mini-app-report.tsx(423,46): error TS7006: Parameter 'slot' implicitly has an 'any' type.
app/_components/mini-app-report.tsx(423,52): error TS7006: Parameter 'index' implicitly has an 'any' type.
app/_components/mini-app-report.tsx(437,29): error TS2304: Cannot find name 'DAILY_TIME_SLOTS'.
app/_components/mini-app-report.tsx(446,43): error TS2304: Cannot find name 'DAILY_BP_POINTS'.
app/_components/mini-app-report.tsx(801,71): error TS2304: Cannot find name 'DAILY_BP_POINTS'.
app/_components/mini-app-report.tsx(801,89): error TS2304: Cannot find name 'BP_POINTS'.
app/_components/mini-app-report.tsx(807,40): error TS7006: Parameter 'point' implicitly has an 'any' type.
app/_components/mini-app-report.tsx(816,26): error TS7006: Parameter 'point' implicitly has an 'any' type.
app/_components/mini-app-report.tsx(816,33): error TS7006: Parameter 'index' implicitly has an 'any' type.
app/_components/mini-app-report.tsx(817,33): error TS2304: Cannot find name 'DAILY_TIME_SLOTS'.
app/_components/mini-app-report.tsx(1020,22): error TS7006: Parameter 'tick' implicitly has an 'any' type.
app/_components/mini-app-report.tsx(1056,10): error TS2304: Cannot find name 'BP_POINTS'.
app/_components/mini-app-report.tsx(1056,25): error TS7006: Parameter 'point' implicitly has an 'any' type.
app/_components/mini-app-report.tsx(1058,65): error TS7053: Element implicitly has an 'any' type because expression of type 'any' can't be used to index type 'Record<BpStatus, { label: string; className: string; }>'.
app/_components/mini-app-report.tsx(1220,24): error TS2304: Cannot find name 'useAutoTrackMessages'.
